src/components/Budget/Extraordinary/EditExtraordinaryModal.tsx(1,8): error TS6133: 'React' is declared but its value is never read.
src/components/Budget/Extraordinary/EditExtraordinaryModal.tsx(4,30): error TS2307: Cannot find module '@tanstack/zod-form-adapter' or its corresponding type declarations.
src/components/Budget/Extraordinary/EditExtraordinaryModal.tsx(6,36): error TS2307: Cannot find module '../../../schemas/Budget/extraordinary/extraordinarySchemas' or its corresponding type declarations.
src/components/Budget/Extraordinary/EditExtraordinaryModal.tsx(7,43): error TS2307: Cannot find module '../../../schemas/Budget/extraordinary/extraordinarySchemas' or its corresponding type declarations.
src/components/Budget/Extraordinary/EditExtraordinaryModal.tsx(9,34): error TS2724: '"../../../hooks/Budget/extraordinary/useExtraordinary"' has no exported member named 'useExtraordinaryDetail'. Did you mean 'useExtraordinaryDetailQuery'?
src/components/Budget/Extraordinary/EditExtraordinaryModal.tsx(47,9): error TS2353: Object literal may only specify known properties, and 'validatorAdapter' does not exist in type 'FormOptions<{ name: any; date: any; amount: any; }, FormValidateOrFn<{ name: any; date: any; amount: any; }> | undefined, any, FormAsyncValidateOrFn<{ name: any; date: any; amount: any; }> | undefined, ... 7 more ..., unknown>'.
src/components/Budget/Extraordinary/EditExtraordinaryModal.tsx(82,21): error TS2339: Property 'mutateAsync' does not exist on type '{ submit: UseMutateAsyncFunction<unknown, any, { id: number; patch: Partial<Pick<Extraordinary, "name" | "date" | "amount">>; }, unknown>; loading: boolean; error: any; lastResult: unknown; }'.
src/components/Budget/Extraordinary/EditExtraordinaryModal.tsx(137,57): error TS2339: Property 'isPending' does not exist on type '{ submit: UseMutateAsyncFunction<unknown, any, { id: number; patch: Partial<Pick<Extraordinary, "name" | "date" | "amount">>; }, unknown>; loading: boolean; error: any; lastResult: unknown; }'.
src/components/Budget/Extraordinary/EditExtraordinaryModal.tsx(162,57): error TS2339: Property 'isPending' does not exist on type '{ submit: UseMutateAsyncFunction<unknown, any, { id: number; patch: Partial<Pick<Extraordinary, "name" | "date" | "amount">>; }, unknown>; loading: boolean; error: any; lastResult: unknown; }'.
src/components/Budget/Extraordinary/EditExtraordinaryModal.tsx(190,57): error TS2339: Property 'isPending' does not exist on type '{ submit: UseMutateAsyncFunction<unknown, any, { id: number; patch: Partial<Pick<Extraordinary, "name" | "date" | "amount">>; }, unknown>; loading: boolean; error: any; lastResult: unknown; }'.
src/components/Budget/Extraordinary/EditExtraordinaryModal.tsx(211,41): error TS2339: Property 'isPending' does not exist on type '{ submit: UseMutateAsyncFunction<unknown, any, { id: number; patch: Partial<Pick<Extraordinary, "name" | "date" | "amount">>; }, unknown>; loading: boolean; error: any; lastResult: unknown; }'.
src/components/Budget/Extraordinary/extraordinayList.tsx(8,36): error TS1261: Already included file name 'C:/ArchivosGit/INGENIERIAREPO/App_Administrative/Administrative_App_Front/src/components/Budget/Extraordinary/EditExtraordinaryModal.tsx' differs from file name 'C:/ArchivosGit/INGENIERIAREPO/App_Administrative/Administrative_App_Front/src/components/Budget/Extraordinary/editExtraordinaryModal.tsx' only in casing.
  The file is in the program because:
    Imported via "./EditExtraordinaryModal" from file 'C:/ArchivosGit/INGENIERIAREPO/App_Administrative/Administrative_App_Front/src/components/Budget/Extraordinary/extraordinayList.tsx'
    Matched by include pattern 'src' in 'tsconfig.app.json'
